IFPC              IDPC               EXPC             MPC              WBPC           WBIR            Cycles
00000000     00000000     00000000     00000000     00000000     00000000     0000
00000004     00000000     00000000     00000000     00000000     00000000     0001
00000008     00000004     00000000     00000000     00000000     00000000     0002
0000000c     00000008     00000004     00000000     00000000     00000000     0003
00000010     0000000c     00000008     00000004     00000000     80000037     0004
00000014     00000010     0000000c     00000008     00000004     7ff00013     0005
00000018     00000014     00000010     0000000c     00000008     0010c0b3     0006
0000001c     00000018     00000014     00000010     0000000c     00100193     0007
00000020     0000001c     00000018     00000014     00000010     18101463     0008
00000024     00000020     0000001c     00000018     00000014     800000b7     0009
00000028     00000024     00000020     0000001c     00000018     ffff8137     000a
0000002c     00000028     00000024     00000020     0000001c     00208733     000b
00000030     0000002c     00000028     00000024     00000020     7fff83b7     000c
00000034     00000030     0000002c     00000028     00000024     00200193     000d
00000038     00000034     00000030     0000002c     00000028     16771863     000e
0000003c     00000038     00000034     00000030     0000002c     0ff010b7     000f
00000040     0000003c     00000038     00000034     00000030     ff008093     0010
00000044     00000040     0000003c     00000038     00000034     f0f0f137     0011
00000048     00000044     00000040     0000003c     00000038     0f010113     0012
0000004c     00000048     00000044     00000040     0000003c     0020f7b3     0013
00000050     0000004c     00000048     00000044     00000040     00f003b7     0014
00000054     00000050     0000004c     00000048     00000044     0f038393     0015
00000058     00000054     00000050     0000004c     00000048     00300193     0016
0000005c     00000058     00000054     00000050     0000004c     14779663     0017
00000060     0000005c     00000058     00000054     00000050     00100093     0018
00000064     00000060     0000005c     00000058     00000054     03f00113     0019
00000068     00000064     00000060     0000005c     00000058     00209833     001a
0000006c     00000068     00000064     00000060     0000005c     800003b7     001b
00000070     0000006c     00000068     00000064     00000060     00400193     001c
00000074     00000070     0000006c     00000068     00000064     12781a63     001d
00000078     00000074     00000070     0000006c     00000068     800000b7     001e
0000007c     00000078     00000074     00000070     0000006c     00e00113     001f
00000080     0000007c     00000078     00000074     00000070     4020d8b3     0020
00000084     00000080     0000007c     00000078     00000074     fffe03b7     0021
00000088     00000084     00000080     0000007c     00000078     00500193     0022
0000008c     00000088     00000084     00000080     0000007c     10789e63     0023
00000090     0000008c     00000088     00000084     00000080     800000b7     0024
00000094     00000090     0000008c     00000088     00000084     7ff0a913     0025
00000098     00000094     00000090     0000008c     00000088     00100393     0026
0000009c     00000098     00000094     00000090     0000008c     00600193     0027
000000a0     0000009c     00000098     00000094     00000090     10791463     0028
000000a4     000000a0     0000009c     00000098     00000094     800000b7     0029
000000a8     000000a4     000000a0     0000009c     00000098     7ff0b993     002a
000000ac     000000a8     000000a4     000000a0     0000009c     00000393     002b
000000b0     000000ac     000000a8     000000a4     000000a0     00700193     002c
000000b4     000000b0     000000ac     000000a8     000000a4     0e799a63     002d
000000b8     000000b4     000000b0     000000ac     000000a8     00002097     002e
000000bc     000000b8     000000b4     000000b0     000000ac     f5808093     002f
000000c0     000000bc     000000b8     000000b4     000000b0     0ee00113     0030
000000c4     000000c0     000000bc     000000b8     000000b4     00208023     0031
000000c8     000000c4     000000c0     000000bc     000000b8     0ff00113     0032
000000cc     000000c8     000000c4     000000c0     000000bc     002080a3     0033
000000d0     000000cc     000000c8     000000c4     000000c0     0c000113     0034
000000d4     000000d0     000000cc     000000c8     000000c4     00208123     0035
000000d8     000000d4     000000d0     000000cc     000000c8     00000113     0036
000000dc     000000d8     000000d4     000000d0     000000cc     002081a3     0037
000000e0     000000dc     000000d8     000000d4     000000d0     fff00393     0038
000000e0     000000dc     000000dc     000000d8     000000d4     00800193     0039
000000e4     000000e0     000000dc     000000dc     000000d8     00108a03     003a
000000e8     000000e4     000000e0     000000dc     000000dc     0a7a1e63     003b
000000ec     000000e8     000000e4     000000e0     000000dc     0a7a1e63     003c
000000f0     000000ec     000000e8     000000e4     000000e0     00900193     003d
000000f4     000000f0     000000ec     000000e8     000000e4     000103b7     003e
000000f4     000000f0     000000f0     000000ec     000000e8     fee38393     003f
000000f8     000000f4     000000f0     000000f0     000000ec     0000da83     0040
000000fc     000000f8     000000f4     000000f0     000000f0     0a7a9463     0041
00000100     000000fc     000000f8     000000f4     000000f0     0a7a9463     0042
00000104     00000100     000000fc     000000f8     000000f4     00a00193     0043
00000108     00000104     00000100     000000fc     000000f8     00209b03     0044
0000010c     00000108     00000104     00000100     000000fc     0c000393     0045
00000110     0000010c     00000108     00000104     00000100     01509223     0046
00000114     00000110     0000010c     00000108     00000104     087b1a63     0047
00000118     00000114     00000110     0000010c     00000108     00b00193     0048
0000011c     00000118     00000114     00000110     0000010c     00c103b7     0049
0000011c     00000118     00000118     00000114     00000110     fee38393     004a
00000120     0000011c     00000118     00000118     00000114     0000ab83     004b
00000124     00000120     0000011c     00000118     00000118     087b9063     004c
00000128     00000124     00000120     0000011c     00000118     087b9063     004d
0000012c     00000128     00000124     00000120     0000011c     00c00193     004e
00000130     0000012c     00000128     00000124     00000120     00c103b7     004f
00000134     00000130     0000012c     00000128     00000124     fee38393     0050
00000134     00000130     00000130     0000012c     00000128     00008213     0051
00000138     00000134     00000130     00000130     0000012c     00022c03     0052
0000013c     00000138     00000134     00000130     00000130     01822223     0053
0000013c     00000138     00000138     00000134     00000130     01822223     0054
00000140     0000013c     00000138     00000138     00000134     00422f83     0055
00000144     00000140     0000013c     00000138     00000138     067f9063     0056
00000148     00000144     00000140     0000013c     00000138     067f9063     0057
0000014c     00000148     00000144     00000140     0000013c     00d00193     0058
00000150     0000014c     00000148     00000144     00000140     00000c97     0059
00000150     00000000     00000000     00000000     00000144     010c8ce7     005a
00000154     00000150     00000000     00000000     00000000     00000000     005b
00000158     00000154     00000150     00000000     00000000     00000000     005c
0000015c     00000158     00000154     00000150     00000000     00000000     005d
00000160     0000015c     00000158     00000154     00000150     00000397     005e
00000164     00000160     0000015c     00000158     00000154     ff838393     005f
00000168     00000164     00000160     0000015c     00000158     047c9063     0060
0000016c     00000168     00000164     00000160     0000015c     00e00193     0061
00000170     0000016c     00000168     00000164     00000160     00a00413     0062
00000174     00000170     0000016c     00000168     00000164     00006513     0063
00000178     00000174     00000170     0000016c     00000168     00106593     0064
0000017c     00000178     00000174     00000170     0000016c     00100493     0065
00000180     0000017c     00000178     00000174     00000170     00a58633     0066
00000184     00000180     0000017c     00000178     00000174     00b00533     0067
00000188     00000184     00000180     0000017c     00000178     00c005b3     0068
0000018c     00000188     00000184     00000180     0000017c     00148493     0069
00000190     0000018c     00000188     00000184     00000180     00944463     006a
00000170     00000000     00000000     00000000     00000184     fedff0ef     006b
00000174     00000170     00000000     00000000     00000000     00000000     006c
00000178     00000174     00000170     00000000     00000000     00000000     006d
0000017c     00000178     00000174     00000170     00000000     00000000     006e
00000180     0000017c     00000178     00000174     00000170     00a58633     006f
00000184     00000180     0000017c     00000178     00000174     00b00533     0070
00000188     00000184     00000180     0000017c     00000178     00c005b3     0071
0000018c     00000188     00000184     00000180     0000017c     00148493     0072
00000190     0000018c     00000188     00000184     00000180     00944463     0073
00000170     00000000     00000000     00000000     00000184     fedff0ef     0074
00000174     00000170     00000000     00000000     00000000     00000000     0075
00000178     00000174     00000170     00000000     00000000     00000000     0076
0000017c     00000178     00000174     00000170     00000000     00000000     0077
00000180     0000017c     00000178     00000174     00000170     00a58633     0078
00000184     00000180     0000017c     00000178     00000174     00b00533     0079
00000188     00000184     00000180     0000017c     00000178     00c005b3     007a
0000018c     00000188     00000184     00000180     0000017c     00148493     007b
00000190     0000018c     00000188     00000184     00000180     00944463     007c
00000170     00000000     00000000     00000000     00000184     fedff0ef     007d
00000174     00000170     00000000     00000000     00000000     00000000     007e
00000178     00000174     00000170     00000000     00000000     00000000     007f
0000017c     00000178     00000174     00000170     00000000     00000000     0080
00000180     0000017c     00000178     00000174     00000170     00a58633     0081
00000184     00000180     0000017c     00000178     00000174     00b00533     0082
00000188     00000184     00000180     0000017c     00000178     00c005b3     0083
0000018c     00000188     00000184     00000180     0000017c     00148493     0084
00000190     0000018c     00000188     00000184     00000180     00944463     0085
00000170     00000000     00000000     00000000     00000184     fedff0ef     0086
00000174     00000170     00000000     00000000     00000000     00000000     0087
00000178     00000174     00000170     00000000     00000000     00000000     0088
0000017c     00000178     00000174     00000170     00000000     00000000     0089
00000180     0000017c     00000178     00000174     00000170     00a58633     008a
00000184     00000180     0000017c     00000178     00000174     00b00533     008b
00000188     00000184     00000180     0000017c     00000178     00c005b3     008c
0000018c     00000188     00000184     00000180     0000017c     00148493     008d
00000190     0000018c     00000188     00000184     00000180     00944463     008e
00000170     00000000     00000000     00000000     00000184     fedff0ef     008f
00000174     00000170     00000000     00000000     00000000     00000000     0090
00000178     00000174     00000170     00000000     00000000     00000000     0091
0000017c     00000178     00000174     00000170     00000000     00000000     0092
00000180     0000017c     00000178     00000174     00000170     00a58633     0093
00000184     00000180     0000017c     00000178     00000174     00b00533     0094
00000188     00000184     00000180     0000017c     00000178     00c005b3     0095
0000018c     00000188     00000184     00000180     0000017c     00148493     0096
00000190     0000018c     00000188     00000184     00000180     00944463     0097
00000170     00000000     00000000     00000000     00000184     fedff0ef     0098
00000174     00000170     00000000     00000000     00000000     00000000     0099
00000178     00000174     00000170     00000000     00000000     00000000     009a
0000017c     00000178     00000174     00000170     00000000     00000000     009b
00000180     0000017c     00000178     00000174     00000170     00a58633     009c
00000184     00000180     0000017c     00000178     00000174     00b00533     009d
00000188     00000184     00000180     0000017c     00000178     00c005b3     009e
0000018c     00000188     00000184     00000180     0000017c     00148493     009f
00000190     0000018c     00000188     00000184     00000180     00944463     00a0
00000170     00000000     00000000     00000000     00000184     fedff0ef     00a1
00000174     00000170     00000000     00000000     00000000     00000000     00a2
00000178     00000174     00000170     00000000     00000000     00000000     00a3
0000017c     00000178     00000174     00000170     00000000     00000000     00a4
00000180     0000017c     00000178     00000174     00000170     00a58633     00a5
00000184     00000180     0000017c     00000178     00000174     00b00533     00a6
00000188     00000184     00000180     0000017c     00000178     00c005b3     00a7
0000018c     00000188     00000184     00000180     0000017c     00148493     00a8
00000190     0000018c     00000188     00000184     00000180     00944463     00a9
00000170     00000000     00000000     00000000     00000184     fedff0ef     00aa
00000174     00000170     00000000     00000000     00000000     00000000     00ab
00000178     00000174     00000170     00000000     00000000     00000000     00ac
0000017c     00000178     00000174     00000170     00000000     00000000     00ad
00000180     0000017c     00000178     00000174     00000170     00a58633     00ae
00000184     00000180     0000017c     00000178     00000174     00b00533     00af
00000188     00000184     00000180     0000017c     00000178     00c005b3     00b0
0000018c     00000188     00000184     00000180     0000017c     00148493     00b1
00000190     0000018c     00000188     00000184     00000180     00944463     00b2
00000170     00000000     00000000     00000000     00000184     fedff0ef     00b3
00000174     00000170     00000000     00000000     00000000     00000000     00b4
00000178     00000174     00000170     00000000     00000000     00000000     00b5
0000017c     00000178     00000174     00000170     00000000     00000000     00b6
00000180     0000017c     00000178     00000174     00000170     00a58633     00b7
00000184     00000180     0000017c     00000178     00000174     00b00533     00b8
00000188     00000184     00000180     0000017c     00000178     00c005b3     00b9
0000018c     00000188     00000184     00000180     0000017c     00148493     00ba
00000188     00000000     00000000     00000000     00000180     00944463     00bb
0000018c     00000188     00000000     00000000     00000000     00000000     00bc
00000190     0000018c     00000188     00000000     00000000     00000000     00bd
00000194     00000190     0000018c     00000188     00000000     00000000     00be
00000198     00000194     00000190     0000018c     00000188     00c22423     00bf
00000198     00000194     00000194     00000190     0000018c     00c10537     00c0
00000198     00000194     00000194     00000194     00000190     fee50513     00c1
00000198     00000194     00000194     00000194     00000194     00000073     00c2