IFPC         IDPC         EXPC         MPC          WBPC         WBIR         Cycles
00000000     00000000     00000000     00000000     00000000     00000000     0000
00000004     00000000     00000000     00000000     00000000     00000000     0001
00000008     00000004     00000000     00000000     00000000     00000000     0002
00000008     00000004     00000004     00000000     00000000     00000000     0003
0000000c     00000008     00000004     00000004     00000000     00004583     0004
00000010     0000000c     00000008     00000004     00000004     02058663     0005
00000014     00000010     0000000c     00000008     00000004     02058663     0006
00000018     00000014     00000010     0000000c     00000008     00106613     0007
0000001c     00000018     00000014     00000010     0000000c     00d6c6b3     0008
00000020     0000001c     00000018     00000014     00000010     00c686b3     0009
00000024     00000020     0000001c     00000018     00000014     00b60663     000a
00000028     00000024     00000020     0000001c     00000018     00160613     000b
00000010     00000000     00000000     00000000     0000001c     ff5ff06f     000c
00000014     00000010     00000000     00000000     00000000     00000000     000d
00000018     00000014     00000010     00000000     00000000     00000000     000e
0000001c     00000018     00000014     00000010     00000000     00000000     000f
00000020     0000001c     00000018     00000014     00000010     00c686b3     0010
00000024     00000020     0000001c     00000018     00000014     00b60663     0011
00000028     00000024     00000020     0000001c     00000018     00160613     0012
00000010     00000000     00000000     00000000     0000001c     ff5ff06f     0013
00000014     00000010     00000000     00000000     00000000     00000000     0014
00000018     00000014     00000010     00000000     00000000     00000000     0015
0000001c     00000018     00000014     00000010     00000000     00000000     0016
00000020     0000001c     00000018     00000014     00000010     00c686b3     0017
00000024     00000020     0000001c     00000018     00000014     00b60663     0018
00000028     00000024     00000020     0000001c     00000018     00160613     0019
00000010     00000000     00000000     00000000     0000001c     ff5ff06f     001a
00000014     00000010     00000000     00000000     00000000     00000000     001b
00000018     00000014     00000010     00000000     00000000     00000000     001c
0000001c     00000018     00000014     00000010     00000000     00000000     001d
00000020     0000001c     00000018     00000014     00000010     00c686b3     001e
00000024     00000020     0000001c     00000018     00000014     00b60663     001f
00000028     00000024     00000020     0000001c     00000018     00160613     0020
00000010     00000000     00000000     00000000     0000001c     ff5ff06f     0021
00000014     00000010     00000000     00000000     00000000     00000000     0022
00000018     00000014     00000010     00000000     00000000     00000000     0023
0000001c     00000018     00000014     00000010     00000000     00000000     0024
00000020     0000001c     00000018     00000014     00000010     00c686b3     0025
00000024     00000020     0000001c     00000018     00000014     00b60663     0026
00000028     00000024     00000020     0000001c     00000018     00160613     0027
00000010     00000000     00000000     00000000     0000001c     ff5ff06f     0028
00000014     00000010     00000000     00000000     00000000     00000000     0029
00000018     00000014     00000010     00000000     00000000     00000000     002a
0000001c     00000018     00000014     00000010     00000000     00000000     002b
00000020     0000001c     00000018     00000014     00000010     00c686b3     002c
00000024     00000020     0000001c     00000018     00000014     00b60663     002d
00000028     00000024     00000020     0000001c     00000018     00160613     002e
00000010     00000000     00000000     00000000     0000001c     ff5ff06f     002f
00000014     00000010     00000000     00000000     00000000     00000000     0030
00000018     00000014     00000010     00000000     00000000     00000000     0031
0000001c     00000018     00000014     00000010     00000000     00000000     0032
00000020     0000001c     00000018     00000014     00000010     00c686b3     0033
00000024     00000020     0000001c     00000018     00000014     00b60663     0034
00000028     00000024     00000020     0000001c     00000018     00160613     0035
00000010     00000000     00000000     00000000     0000001c     ff5ff06f     0036
00000014     00000010     00000000     00000000     00000000     00000000     0037
00000018     00000014     00000010     00000000     00000000     00000000     0038
0000001c     00000018     00000014     00000010     00000000     00000000     0039
00000020     0000001c     00000018     00000014     00000010     00c686b3     003a
00000024     00000020     0000001c     00000018     00000014     00b60663     003b
00000028     00000024     00000020     0000001c     00000018     00160613     003c
00000010     00000000     00000000     00000000     0000001c     ff5ff06f     003d
00000014     00000010     00000000     00000000     00000000     00000000     003e
00000018     00000014     00000010     00000000     00000000     00000000     003f
0000001c     00000018     00000014     00000010     00000000     00000000     0040
00000020     0000001c     00000018     00000014     00000010     00c686b3     0041
00000024     00000020     0000001c     00000018     00000014     00b60663     0042
00000028     00000024     00000020     0000001c     00000018     00160613     0043
00000010     00000000     00000000     00000000     0000001c     ff5ff06f     0044
00000014     00000010     00000000     00000000     00000000     00000000     0045
00000018     00000014     00000010     00000000     00000000     00000000     0046
0000001c     00000018     00000014     00000010     00000000     00000000     0047
00000020     0000001c     00000018     00000014     00000010     00c686b3     0048
00000020     00000000     00000000     00000000     00000014     00b60663     0049
00000024     00000020     00000000     00000000     00000000     00000000     004a
00000028     00000024     00000020     00000000     00000000     00000000     004b
0000002c     00000028     00000024     00000020     00000000     00000000     004c
00000030     0000002c     00000028     00000024     00000020     00d02223     004d
00000030     0000002c     0000002c     00000028     00000024     00c10537     004e
00000030     0000002c     0000002c     0000002c     00000028     fee50513     004f
00000030     0000002c     0000002c     0000002c     0000002c     00000073     0050